500 0 TBR 14 92.82 0.0s
500 0 RECOMPUTE 17 16428.16 0.3s
500 1 TBR 13 98.97 0.0s
500 1 RECOMPUTE 15 17485.62 0.3s
500 2 TBR 21 90.78 0.0s
500 2 RECOMPUTE 17 16475.67 0.3s
1000 0 TBR 17 94.25 0.0s
1000 0 RECOMPUTE 17 44774.39 0.8s
1000 1 TBR 14 101.65 0.0s
1000 1 RECOMPUTE 16 47573.94 0.9s
1000 2 TBR 13 92.95 0.1s
1000 2 RECOMPUTE 14 45407.92 0.7s
2000 0 TBR 21 138.08 0.1s
2000 0 RECOMPUTE 21 116180.85 2.6s
2000 1 TBR 15 158.03 0.1s
2000 1 RECOMPUTE 15 119467.53 1.9s
2000 2 TBR 19 129.65 0.1s
2000 2 RECOMPUTE 19 123736.41 2.5s
4000 0 TBR 13 189.51 0.2s
4000 0 RECOMPUTE 15 314158.86 5.0s
4000 1 TBR 15 191.55 0.2s
4000 1 RECOMPUTE 15 318173.99 5.0s
4000 2 TBR 16 185.17 0.2s
4000 2 RECOMPUTE 15 327724.31 5.2s
8000 0 TBR 15 333.65 0.3s
8000 0 RECOMPUTE 16 912910.27 15.0s
8000 1 TBR 17 323.47 0.3s
8000 1 RECOMPUTE 17 868210.43 15.4s
8000 2 TBR 17 269.5 0.3s
8000 2 RECOMPUTE 15 934336.0 14.4s
