car-f-92 seed 0 done  (1s)
car-f-92 seed 1 done  (3s)
car-f-92 seed 2 done  (4s)
car-f-92 seed 3 done  (6s)
car-f-92 seed 4 done  (7s)
car-f-92 seed 5 done  (9s)
car-f-92 seed 6 done  (10s)
car-f-92 seed 7 done  (11s)
car-f-92 seed 8 done  (12s)
car-f-92 seed 9 done  (14s)
car-s-91 seed 0 done  (16s)
car-s-91 seed 1 done  (17s)
car-s-91 seed 2 done  (19s)
car-s-91 seed 3 done  (21s)
car-s-91 seed 4 done  (23s)
car-s-91 seed 5 done  (25s)
car-s-91 seed 6 done  (27s)
car-s-91 seed 7 done  (29s)
car-s-91 seed 8 done  (32s)
car-s-91 seed 9 done  (34s)
ear-f-83 seed 0 done  (34s)
ear-f-83 seed 1 done  (35s)
ear-f-83 seed 2 done  (35s)
ear-f-83 seed 3 done  (35s)
ear-f-83 seed 4 done  (36s)
ear-f-83 seed 5 done  (36s)
ear-f-83 seed 6 done  (36s)
ear-f-83 seed 7 done  (36s)
ear-f-83 seed 8 done  (37s)
ear-f-83 seed 9 done  (37s)
hec-s-92 seed 0 done  (37s)
hec-s-92 seed 1 done  (37s)
hec-s-92 seed 2 done  (37s)
hec-s-92 seed 3 done  (38s)
hec-s-92 seed 4 done  (38s)
hec-s-92 seed 5 done  (38s)
hec-s-92 seed 6 done  (38s)
hec-s-92 seed 7 done  (38s)
hec-s-92 seed 8 done  (38s)
hec-s-92 seed 9 done  (39s)
kfu-s-93 seed 0 done  (39s)
kfu-s-93 seed 1 done  (40s)
kfu-s-93 seed 2 done  (40s)
kfu-s-93 seed 3 done  (41s)
kfu-s-93 seed 4 done  (41s)
kfu-s-93 seed 5 done  (42s)
kfu-s-93 seed 6 done  (42s)
kfu-s-93 seed 7 done  (43s)
kfu-s-93 seed 8 done  (43s)
kfu-s-93 seed 9 done  (44s)
lse-f-91 seed 0 done  (44s)
lse-f-91 seed 1 done  (44s)
lse-f-91 seed 2 done  (45s)
lse-f-91 seed 3 done  (45s)
lse-f-91 seed 4 done  (45s)
lse-f-91 seed 5 done  (46s)
lse-f-91 seed 6 done  (46s)
lse-f-91 seed 7 done  (47s)
lse-f-91 seed 8 done  (47s)
lse-f-91 seed 9 done  (48s)
pur-s-93 seed 0 done  (53s)
pur-s-93 seed 1 done  (59s)
pur-s-93 seed 2 done  (66s)
pur-s-93 seed 3 done  (73s)
pur-s-93 seed 4 done  (79s)
pur-s-93 seed 5 done  (85s)
pur-s-93 seed 6 done  (91s)
pur-s-93 seed 7 done  (97s)
pur-s-93 seed 8 done  (103s)
pur-s-93 seed 9 done  (110s)
rye-s-93 seed 0 done  (111s)
rye-s-93 seed 1 done  (112s)
rye-s-93 seed 2 done  (113s)
rye-s-93 seed 3 done  (113s)
rye-s-93 seed 4 done  (114s)
rye-s-93 seed 5 done  (115s)
rye-s-93 seed 6 done  (116s)
rye-s-93 seed 7 done  (117s)
rye-s-93 seed 8 done  (118s)
rye-s-93 seed 9 done  (119s)
sta-f-83 seed 0 done  (119s)
sta-f-83 seed 1 done  (119s)
sta-f-83 seed 2 done  (119s)
sta-f-83 seed 3 done  (119s)
sta-f-83 seed 4 done  (119s)
sta-f-83 seed 5 done  (120s)
sta-f-83 seed 6 done  (120s)
sta-f-83 seed 7 done  (120s)
sta-f-83 seed 8 done  (120s)
sta-f-83 seed 9 done  (120s)
tre-s-92 seed 0 done  (120s)
tre-s-92 seed 1 done  (121s)
tre-s-92 seed 2 done  (121s)
tre-s-92 seed 3 done  (122s)
tre-s-92 seed 4 done  (122s)
tre-s-92 seed 5 done  (123s)
tre-s-92 seed 6 done  (123s)
tre-s-92 seed 7 done  (123s)
tre-s-92 seed 8 done  (124s)
tre-s-92 seed 9 done  (124s)
uta-s-92 seed 0 done  (126s)
uta-s-92 seed 1 done  (127s)
uta-s-92 seed 2 done  (129s)
uta-s-92 seed 3 done  (131s)
uta-s-92 seed 4 done  (133s)
uta-s-92 seed 5 done  (135s)
uta-s-92 seed 6 done  (136s)
uta-s-92 seed 7 done  (138s)
uta-s-92 seed 8 done  (140s)
uta-s-92 seed 9 done  (142s)
ute-s-92 seed 0 done  (142s)
ute-s-92 seed 1 done  (142s)
ute-s-92 seed 2 done  (142s)
ute-s-92 seed 3 done  (143s)
ute-s-92 seed 4 done  (143s)
ute-s-92 seed 5 done  (143s)
ute-s-92 seed 6 done  (143s)
ute-s-92 seed 7 done  (143s)
ute-s-92 seed 8 done  (144s)
ute-s-92 seed 9 done  (144s)
yor-f-83 seed 0 done  (144s)
yor-f-83 seed 1 done  (144s)
yor-f-83 seed 2 done  (145s)
yor-f-83 seed 3 done  (145s)
yor-f-83 seed 4 done  (145s)
yor-f-83 seed 5 done  (146s)
yor-f-83 seed 6 done  (146s)
yor-f-83 seed 7 done  (146s)
yor-f-83 seed 8 done  (146s)
yor-f-83 seed 9 done  (147s)
total 151 s
