car-f-92 first_fit 44 0.002s
car-f-92 welsh_powell 32 0.002s
car-f-92 smallest_last 34 0.006s
car-f-92 dsatur 29 0.021s
car-f-92 rlf 31 0.096s
car-s-91 first_fit 48 0.003s
car-s-91 welsh_powell 34 0.003s
car-s-91 smallest_last 35 0.010s
car-s-91 dsatur 31 0.035s
car-s-91 rlf 32 0.140s
ear-f-83 first_fit 29 0.001s
ear-f-83 welsh_powell 26 0.001s
ear-f-83 smallest_last 26 0.001s
ear-f-83 dsatur 24 0.004s
ear-f-83 rlf 23 0.015s
hec-s-92 first_fit 22 0.000s
hec-s-92 welsh_powell 20 0.000s
hec-s-92 smallest_last 18 0.000s
hec-s-92 dsatur 19 0.001s
hec-s-92 rlf 20 0.004s
kfu-s-93 first_fit 25 0.001s
kfu-s-93 welsh_powell 20 0.001s
kfu-s-93 smallest_last 19 0.002s
kfu-s-93 dsatur 19 0.006s
kfu-s-93 rlf 20 0.020s
lse-f-91 first_fit 22 0.001s
lse-f-91 welsh_powell 19 0.001s
lse-f-91 smallest_last 20 0.001s
lse-f-91 dsatur 19 0.003s
lse-f-91 rlf 18 0.010s
pur-s-93 first_fit 54 0.007s
pur-s-93 welsh_powell 38 0.008s
pur-s-93 smallest_last 38 0.022s
pur-s-93 dsatur 34 0.123s
pur-s-93 rlf 36 0.342s
rye-s-93 first_fit 28 0.001s
rye-s-93 welsh_powell 25 0.001s
rye-s-93 smallest_last 23 0.002s
rye-s-93 dsatur 22 0.007s
rye-s-93 rlf 24 0.024s
sta-f-83 first_fit 13 0.000s
sta-f-83 welsh_powell 13 0.000s
sta-f-83 smallest_last 13 0.000s
sta-f-83 dsatur 13 0.001s
sta-f-83 rlf 13 0.003s
tre-s-92 first_fit 29 0.001s
tre-s-92 welsh_powell 23 0.001s
tre-s-92 smallest_last 22 0.001s
tre-s-92 dsatur 23 0.005s
tre-s-92 rlf 21 0.015s
uta-s-92 first_fit 43 0.003s
uta-s-92 welsh_powell 36 0.003s
uta-s-92 smallest_last 33 0.007s
uta-s-92 dsatur 31 0.029s
uta-s-92 rlf 33 0.122s
ute-s-92 first_fit 13 0.000s
ute-s-92 welsh_powell 11 0.000s
ute-s-92 smallest_last 10 0.001s
ute-s-92 dsatur 10 0.001s
ute-s-92 rlf 10 0.003s
yor-f-83 first_fit 27 0.001s
yor-f-83 welsh_powell 23 0.001s
yor-f-83 smallest_last 22 0.001s
yor-f-83 dsatur 21 0.004s
yor-f-83 rlf 21 0.014s
