car-f-92 seed 0 done  (1s)
car-f-92 seed 1 done  (2s)
car-f-92 seed 2 done  (4s)
car-f-92 seed 3 done  (5s)
car-f-92 seed 4 done  (6s)
car-f-92 seed 5 done  (8s)
car-f-92 seed 6 done  (9s)
car-f-92 seed 7 done  (10s)
car-f-92 seed 8 done  (11s)
car-f-92 seed 9 done  (13s)
car-s-91 seed 0 done  (14s)
car-s-91 seed 1 done  (16s)
car-s-91 seed 2 done  (17s)
car-s-91 seed 3 done  (19s)
car-s-91 seed 4 done  (21s)
car-s-91 seed 5 done  (22s)
car-s-91 seed 6 done  (24s)
car-s-91 seed 7 done  (25s)
car-s-91 seed 8 done  (27s)
car-s-91 seed 9 done  (29s)
ear-f-83 seed 0 done  (29s)
ear-f-83 seed 1 done  (29s)
ear-f-83 seed 2 done  (30s)
ear-f-83 seed 3 done  (30s)
ear-f-83 seed 4 done  (30s)
ear-f-83 seed 5 done  (30s)
ear-f-83 seed 6 done  (31s)
ear-f-83 seed 7 done  (31s)
ear-f-83 seed 8 done  (31s)
ear-f-83 seed 9 done  (31s)
hec-s-92 seed 0 done  (32s)
hec-s-92 seed 1 done  (32s)
hec-s-92 seed 2 done  (32s)
hec-s-92 seed 3 done  (32s)
hec-s-92 seed 4 done  (32s)
hec-s-92 seed 5 done  (32s)
hec-s-92 seed 6 done  (32s)
hec-s-92 seed 7 done  (33s)
hec-s-92 seed 8 done  (33s)
hec-s-92 seed 9 done  (33s)
kfu-s-93 seed 0 done  (33s)
kfu-s-93 seed 1 done  (34s)
kfu-s-93 seed 2 done  (34s)
kfu-s-93 seed 3 done  (35s)
kfu-s-93 seed 4 done  (35s)
kfu-s-93 seed 5 done  (35s)
kfu-s-93 seed 6 done  (36s)
kfu-s-93 seed 7 done  (36s)
kfu-s-93 seed 8 done  (37s)
kfu-s-93 seed 9 done  (37s)
lse-f-91 seed 0 done  (37s)
lse-f-91 seed 1 done  (38s)
lse-f-91 seed 2 done  (38s)
lse-f-91 seed 3 done  (38s)
lse-f-91 seed 4 done  (39s)
lse-f-91 seed 5 done  (39s)
lse-f-91 seed 6 done  (40s)
lse-f-91 seed 7 done  (40s)
lse-f-91 seed 8 done  (40s)
lse-f-91 seed 9 done  (41s)
pur-s-93 seed 0 done  (46s)
pur-s-93 seed 1 done  (53s)
pur-s-93 seed 2 done  (60s)
pur-s-93 seed 3 done  (66s)
pur-s-93 seed 4 done  (73s)
pur-s-93 seed 5 done  (79s)
pur-s-93 seed 6 done  (85s)
pur-s-93 seed 7 done  (91s)
pur-s-93 seed 8 done  (97s)
pur-s-93 seed 9 done  (104s)
rye-s-93 seed 0 done  (104s)
rye-s-93 seed 1 done  (105s)
rye-s-93 seed 2 done  (106s)
rye-s-93 seed 3 done  (107s)
rye-s-93 seed 4 done  (107s)
rye-s-93 seed 5 done  (108s)
rye-s-93 seed 6 done  (109s)
rye-s-93 seed 7 done  (110s)
rye-s-93 seed 8 done  (111s)
rye-s-93 seed 9 done  (111s)
sta-f-83 seed 0 done  (111s)
sta-f-83 seed 1 done  (111s)
sta-f-83 seed 2 done  (112s)
sta-f-83 seed 3 done  (112s)
sta-f-83 seed 4 done  (112s)
sta-f-83 seed 5 done  (112s)
sta-f-83 seed 6 done  (112s)
sta-f-83 seed 7 done  (112s)
sta-f-83 seed 8 done  (112s)
sta-f-83 seed 9 done  (112s)
tre-s-92 seed 0 done  (112s)
tre-s-92 seed 1 done  (113s)
tre-s-92 seed 2 done  (113s)
tre-s-92 seed 3 done  (114s)
tre-s-92 seed 4 done  (114s)
tre-s-92 seed 5 done  (114s)
tre-s-92 seed 6 done  (115s)
tre-s-92 seed 7 done  (115s)
tre-s-92 seed 8 done  (116s)
tre-s-92 seed 9 done  (116s)
uta-s-92 seed 0 done  (117s)
uta-s-92 seed 1 done  (119s)
uta-s-92 seed 2 done  (120s)
uta-s-92 seed 3 done  (122s)
uta-s-92 seed 4 done  (124s)
uta-s-92 seed 5 done  (126s)
uta-s-92 seed 6 done  (127s)
uta-s-92 seed 7 done  (129s)
uta-s-92 seed 8 done  (130s)
uta-s-92 seed 9 done  (132s)
ute-s-92 seed 0 done  (132s)
ute-s-92 seed 1 done  (132s)
ute-s-92 seed 2 done  (133s)
ute-s-92 seed 3 done  (133s)
ute-s-92 seed 4 done  (133s)
ute-s-92 seed 5 done  (133s)
ute-s-92 seed 6 done  (133s)
ute-s-92 seed 7 done  (133s)
ute-s-92 seed 8 done  (134s)
ute-s-92 seed 9 done  (134s)
yor-f-83 seed 0 done  (134s)
yor-f-83 seed 1 done  (134s)
yor-f-83 seed 2 done  (134s)
yor-f-83 seed 3 done  (135s)
yor-f-83 seed 4 done  (135s)
yor-f-83 seed 5 done  (135s)
yor-f-83 seed 6 done  (136s)
yor-f-83 seed 7 done  (136s)
yor-f-83 seed 8 done  (136s)
yor-f-83 seed 9 done  (136s)
total 140 s
