car-f-92 0 1s
car-f-92 1 1s
car-f-92 2 2s
car-f-92 3 2s
car-f-92 4 2s
car-s-91 0 3s
car-s-91 1 4s
car-s-91 2 5s
car-s-91 3 5s
car-s-91 4 6s
ear-f-83 0 57s
ear-f-83 1 115s
ear-f-83 2 193s
ear-f-83 3 218s
ear-f-83 4 281s
hec-s-92 0 285s
hec-s-92 1 290s
hec-s-92 2 296s
hec-s-92 3 301s
hec-s-92 4 305s
kfu-s-93 0 305s
kfu-s-93 1 305s
kfu-s-93 2 306s
kfu-s-93 3 306s
kfu-s-93 4 306s
lse-f-91 0 306s
lse-f-91 1 306s
lse-f-91 2 307s
lse-f-91 3 307s
lse-f-91 4 307s
pur-s-93 0 308s
pur-s-93 1 309s
pur-s-93 2 310s
pur-s-93 3 311s
pur-s-93 4 311s
rye-s-93 0 312s
rye-s-93 1 312s
rye-s-93 2 312s
rye-s-93 3 312s
rye-s-93 4 312s
sta-f-83 0 333s
sta-f-83 1 353s
sta-f-83 2 373s
sta-f-83 3 393s
sta-f-83 4 413s
tre-s-92 0 444s
tre-s-92 1 479s
tre-s-92 2 500s
tre-s-92 3 531s
tre-s-92 4 554s
uta-s-92 0 554s
uta-s-92 1 555s
uta-s-92 2 555s
uta-s-92 3 556s
uta-s-92 4 556s
ute-s-92 0 562s
ute-s-92 1 566s
ute-s-92 2 567s
ute-s-92 3 567s
ute-s-92 4 567s
yor-f-83 0 611s
yor-f-83 1 673s
yor-f-83 2 732s
yor-f-83 3 783s
yor-f-83 4 845s
