hec-s-92 seed 0: 3 clash events (1s)
hec-s-92 seed 1: 3 clash events (1s)
hec-s-92 seed 2: 1 clash events (2s)
hec-s-92 seed 3: 3 clash events (2s)
hec-s-92 seed 4: 3 clash events (3s)
hec-s-92 seed 5: 5 clash events (4s)
hec-s-92 seed 6: 1 clash events (4s)
hec-s-92 seed 7: 2 clash events (4s)
hec-s-92 seed 8: 0 clash events (5s)
hec-s-92 seed 9: 7 clash events (6s)
sta-f-83 seed 0: 2 clash events (6s)
sta-f-83 seed 1: 0 clash events (6s)
sta-f-83 seed 2: 1 clash events (6s)
sta-f-83 seed 3: 2 clash events (7s)
sta-f-83 seed 4: 0 clash events (7s)
sta-f-83 seed 5: 2 clash events (7s)
sta-f-83 seed 6: 1 clash events (27s)
sta-f-83 seed 7: 1 clash events (27s)
sta-f-83 seed 8: 0 clash events (27s)
sta-f-83 seed 9: 1 clash events (27s)
yor-f-83 seed 0: 5 clash events (30s)
yor-f-83 seed 1: 8 clash events (37s)
yor-f-83 seed 2: 6 clash events (41s)
yor-f-83 seed 3: 7 clash events (46s)
yor-f-83 seed 4: 11 clash events (55s)
yor-f-83 seed 5: 11 clash events (63s)
yor-f-83 seed 6: 13 clash events (74s)
yor-f-83 seed 7: 7 clash events (81s)
yor-f-83 seed 8: 9 clash events (89s)
yor-f-83 seed 9: 10 clash events (97s)
ute-s-92 seed 0: 2 clash events (97s)
ute-s-92 seed 1: 4 clash events (97s)
ute-s-92 seed 2: 2 clash events (98s)
ute-s-92 seed 3: 5 clash events (98s)
ute-s-92 seed 4: 2 clash events (99s)
ute-s-92 seed 5: 1 clash events (99s)
ute-s-92 seed 6: 8 clash events (100s)
ute-s-92 seed 7: 3 clash events (100s)
ute-s-92 seed 8: 4 clash events (101s)
ute-s-92 seed 9: 4 clash events (102s)
ear-f-83 seed 0: 7 clash events (109s)
ear-f-83 seed 1: 8 clash events (117s)
ear-f-83 seed 2: 7 clash events (135s)
ear-f-83 seed 3: 2 clash events (137s)
ear-f-83 seed 4: 9 clash events (146s)
ear-f-83 seed 5: 5 clash events (151s)
ear-f-83 seed 6: 5 clash events (155s)
ear-f-83 seed 7: 8 clash events (164s)
ear-f-83 seed 8: 6 clash events (169s)
ear-f-83 seed 9: 10 clash events (178s)
tre-s-92 seed 0: 6 clash events (186s)
tre-s-92 seed 1: 9 clash events (197s)
tre-s-92 seed 2: 12 clash events (212s)
tre-s-92 seed 3: 12 clash events (226s)
tre-s-92 seed 4: 11 clash events (239s)
tre-s-92 seed 5: 10 clash events (254s)
tre-s-92 seed 6: 9 clash events (265s)
tre-s-92 seed 7: 7 clash events (274s)
tre-s-92 seed 8: 8 clash events (284s)
tre-s-92 seed 9: 10 clash events (296s)
