car-f-92 0 0s
car-f-92 1 1s
car-f-92 2 1s
car-f-92 3 2s
car-f-92 4 2s
car-s-91 0 3s
car-s-91 1 3s
car-s-91 2 4s
car-s-91 3 4s
car-s-91 4 5s
ear-f-83 0 24s
ear-f-83 1 46s
ear-f-83 2 69s
ear-f-83 3 90s
ear-f-83 4 130s
hec-s-92 0 134s
hec-s-92 1 136s
hec-s-92 2 143s
hec-s-92 3 146s
hec-s-92 4 147s
kfu-s-93 0 148s
kfu-s-93 1 148s
kfu-s-93 2 148s
kfu-s-93 3 148s
kfu-s-93 4 149s
lse-f-91 0 149s
lse-f-91 1 149s
lse-f-91 2 149s
lse-f-91 3 149s
lse-f-91 4 150s
pur-s-93 0 151s
pur-s-93 1 152s
pur-s-93 2 154s
pur-s-93 3 155s
pur-s-93 4 156s
rye-s-93 0 157s
rye-s-93 1 157s
rye-s-93 2 157s
rye-s-93 3 158s
rye-s-93 4 158s
sta-f-83 0 178s
sta-f-83 1 198s
sta-f-83 2 219s
sta-f-83 3 239s
sta-f-83 4 259s
tre-s-92 0 276s
tre-s-92 1 295s
tre-s-92 2 311s
tre-s-92 3 322s
tre-s-92 4 337s
uta-s-92 0 337s
uta-s-92 1 338s
uta-s-92 2 338s
uta-s-92 3 339s
uta-s-92 4 339s
ute-s-92 0 345s
ute-s-92 1 349s
ute-s-92 2 350s
ute-s-92 3 350s
ute-s-92 4 350s
yor-f-83 0 383s
yor-f-83 1 414s
yor-f-83 2 444s
yor-f-83 3 467s
yor-f-83 4 488s
