hec-s-92 seed 10: 2 clash events (1s)
hec-s-92 seed 11: 5 clash events (2s)
hec-s-92 seed 12: 4 clash events (3s)
hec-s-92 seed 13: 2 clash events (3s)
hec-s-92 seed 14: 2 clash events (4s)
hec-s-92 seed 15: 1 clash events (4s)
hec-s-92 seed 16: 2 clash events (4s)
hec-s-92 seed 17: 1 clash events (4s)
hec-s-92 seed 18: 5 clash events (6s)
hec-s-92 seed 19: 2 clash events (6s)
sta-f-83 seed 10: 2 clash events (7s)
sta-f-83 seed 11: 0 clash events (7s)
sta-f-83 seed 12: 0 clash events (7s)
sta-f-83 seed 13: 3 clash events (27s)
sta-f-83 seed 14: 1 clash events (27s)
sta-f-83 seed 15: 1 clash events (47s)
sta-f-83 seed 16: 1 clash events (48s)
sta-f-83 seed 17: 0 clash events (48s)
sta-f-83 seed 18: 2 clash events (68s)
sta-f-83 seed 19: 2 clash events (68s)
yor-f-83 seed 10: 11 clash events (85s)
yor-f-83 seed 11: 8 clash events (92s)
yor-f-83 seed 12: 17 clash events (109s)
yor-f-83 seed 13: 4 clash events (113s)
yor-f-83 seed 14: 12 clash events (123s)
yor-f-83 seed 15: 14 clash events (137s)
yor-f-83 seed 16: 14 clash events (151s)
yor-f-83 seed 17: 11 clash events (161s)
yor-f-83 seed 18: 12 clash events (177s)
yor-f-83 seed 19: 11 clash events (207s)
ute-s-92 seed 10: 3 clash events (207s)
ute-s-92 seed 11: 3 clash events (208s)
ute-s-92 seed 12: 3 clash events (208s)
ute-s-92 seed 13: 1 clash events (208s)
ute-s-92 seed 14: 3 clash events (209s)
ute-s-92 seed 15: 5 clash events (210s)
ute-s-92 seed 16: 6 clash events (211s)
ute-s-92 seed 17: 2 clash events (211s)
ute-s-92 seed 18: 3 clash events (212s)
ute-s-92 seed 19: 3 clash events (218s)
ear-f-83 seed 10: 10 clash events (228s)
ear-f-83 seed 11: 10 clash events (238s)
ear-f-83 seed 12: 8 clash events (247s)
ear-f-83 seed 13: 7 clash events (256s)
ear-f-83 seed 14: 8 clash events (264s)
ear-f-83 seed 15: 10 clash events (274s)
ear-f-83 seed 16: 10 clash events (284s)
ear-f-83 seed 17: 6 clash events (293s)
ear-f-83 seed 18: 8 clash events (301s)
ear-f-83 seed 19: 10 clash events (317s)
tre-s-92 seed 10: 12 clash events (334s)
tre-s-92 seed 11: 10 clash events (349s)
tre-s-92 seed 12: 11 clash events (365s)
tre-s-92 seed 13: 8 clash events (376s)
tre-s-92 seed 14: 7 clash events (386s)
tre-s-92 seed 15: 6 clash events (394s)
tre-s-92 seed 16: 8 clash events (405s)
tre-s-92 seed 17: 10 clash events (419s)
tre-s-92 seed 18: 6 clash events (427s)
tre-s-92 seed 19: 5 clash events (434s)
