500 3 TBRPLUS 15 92.7 0.0s
500 3 RECOMPUTE 14 18053.6 0.3s
500 4 TBRPLUS 21 103.58 0.3s
500 4 RECOMPUTE 21 16298.48 0.4s
500 5 TBRPLUS 20 89.55 0.0s
500 5 RECOMPUTE 18 18034.26 0.4s
1000 3 TBRPLUS 14 114.46 0.0s
1000 3 RECOMPUTE 11 46804.64 0.6s
1000 4 TBRPLUS 17 99.15 0.1s
1000 4 RECOMPUTE 19 44379.42 0.9s
1000 5 TBRPLUS 22 106.3 0.2s
1000 5 RECOMPUTE 22 44987.57 1.1s
2000 3 TBRPLUS 16 143.07 0.2s
2000 3 RECOMPUTE 17 118984.96 2.2s
2000 4 TBRPLUS 13 155.15 0.1s
2000 4 RECOMPUTE 16 120398.83 2.0s
2000 5 TBRPLUS 18 128.37 0.1s
2000 5 RECOMPUTE 17 122828.18 2.2s
4000 3 TBRPLUS 16 217.46 0.4s
4000 3 RECOMPUTE 17 329503.84 5.9s
4000 4 TBRPLUS 20 165.69 0.1s
4000 4 RECOMPUTE 20 324815.61 6.7s
4000 5 TBRPLUS 22 182.69 0.2s
4000 5 RECOMPUTE 21 345430.59 7.5s
8000 3 TBRPLUS 24 343.28 0.3s
8000 3 RECOMPUTE 24 882467.13 21.7s
8000 4 TBRPLUS 11 382.5 0.3s
8000 4 RECOMPUTE 11 961139.6 10.9s
8000 5 TBRPLUS 19 395.41 0.3s
8000 5 RECOMPUTE 19 902694.55 17.8s
