car-f-92 seed 10 done  (1s)
car-f-92 seed 11 done  (2s)
car-f-92 seed 12 done  (3s)
car-f-92 seed 13 done  (4s)
car-f-92 seed 14 done  (5s)
car-f-92 seed 15 done  (6s)
car-f-92 seed 16 done  (7s)
car-f-92 seed 17 done  (8s)
car-f-92 seed 18 done  (9s)
car-f-92 seed 19 done  (10s)
car-s-91 seed 10 done  (12s)
car-s-91 seed 11 done  (14s)
car-s-91 seed 12 done  (15s)
car-s-91 seed 13 done  (17s)
car-s-91 seed 14 done  (18s)
car-s-91 seed 15 done  (20s)
car-s-91 seed 16 done  (21s)
car-s-91 seed 17 done  (23s)
car-s-91 seed 18 done  (25s)
car-s-91 seed 19 done  (27s)
ear-f-83 seed 10 done  (28s)
ear-f-83 seed 11 done  (29s)
ear-f-83 seed 12 done  (29s)
ear-f-83 seed 13 done  (29s)
ear-f-83 seed 14 done  (30s)
ear-f-83 seed 15 done  (30s)
ear-f-83 seed 16 done  (30s)
ear-f-83 seed 17 done  (31s)
ear-f-83 seed 18 done  (31s)
ear-f-83 seed 19 done  (32s)
hec-s-92 seed 10 done  (32s)
hec-s-92 seed 11 done  (32s)
hec-s-92 seed 12 done  (32s)
hec-s-92 seed 13 done  (32s)
hec-s-92 seed 14 done  (32s)
hec-s-92 seed 15 done  (32s)
hec-s-92 seed 16 done  (33s)
hec-s-92 seed 17 done  (33s)
hec-s-92 seed 18 done  (33s)
hec-s-92 seed 19 done  (33s)
kfu-s-93 seed 10 done  (33s)
kfu-s-93 seed 11 done  (34s)
kfu-s-93 seed 12 done  (35s)
kfu-s-93 seed 13 done  (35s)
kfu-s-93 seed 14 done  (35s)
kfu-s-93 seed 15 done  (36s)
kfu-s-93 seed 16 done  (36s)
kfu-s-93 seed 17 done  (36s)
kfu-s-93 seed 18 done  (37s)
kfu-s-93 seed 19 done  (37s)
lse-f-91 seed 10 done  (38s)
lse-f-91 seed 11 done  (38s)
lse-f-91 seed 12 done  (39s)
lse-f-91 seed 13 done  (39s)
lse-f-91 seed 14 done  (39s)
lse-f-91 seed 15 done  (39s)
lse-f-91 seed 16 done  (40s)
lse-f-91 seed 17 done  (40s)
lse-f-91 seed 18 done  (40s)
lse-f-91 seed 19 done  (41s)
pur-s-93 seed 10 done  (47s)
pur-s-93 seed 11 done  (53s)
pur-s-93 seed 12 done  (58s)
pur-s-93 seed 13 done  (64s)
pur-s-93 seed 14 done  (69s)
pur-s-93 seed 15 done  (75s)
pur-s-93 seed 16 done  (80s)
pur-s-93 seed 17 done  (84s)
pur-s-93 seed 18 done  (88s)
pur-s-93 seed 19 done  (96s)
rye-s-93 seed 10 done  (97s)
rye-s-93 seed 11 done  (97s)
rye-s-93 seed 12 done  (98s)
rye-s-93 seed 13 done  (99s)
rye-s-93 seed 14 done  (99s)
rye-s-93 seed 15 done  (100s)
rye-s-93 seed 16 done  (101s)
rye-s-93 seed 17 done  (101s)
rye-s-93 seed 18 done  (102s)
rye-s-93 seed 19 done  (103s)
sta-f-83 seed 10 done  (103s)
sta-f-83 seed 11 done  (103s)
sta-f-83 seed 12 done  (103s)
sta-f-83 seed 13 done  (103s)
sta-f-83 seed 14 done  (103s)
sta-f-83 seed 15 done  (104s)
sta-f-83 seed 16 done  (104s)
sta-f-83 seed 17 done  (104s)
sta-f-83 seed 18 done  (104s)
sta-f-83 seed 19 done  (104s)
tre-s-92 seed 10 done  (105s)
tre-s-92 seed 11 done  (106s)
tre-s-92 seed 12 done  (106s)
tre-s-92 seed 13 done  (107s)
tre-s-92 seed 14 done  (107s)
tre-s-92 seed 15 done  (107s)
tre-s-92 seed 16 done  (108s)
tre-s-92 seed 17 done  (108s)
tre-s-92 seed 18 done  (108s)
tre-s-92 seed 19 done  (109s)
uta-s-92 seed 10 done  (110s)
uta-s-92 seed 11 done  (112s)
uta-s-92 seed 12 done  (113s)
uta-s-92 seed 13 done  (115s)
uta-s-92 seed 14 done  (117s)
uta-s-92 seed 15 done  (119s)
uta-s-92 seed 16 done  (120s)
uta-s-92 seed 17 done  (121s)
uta-s-92 seed 18 done  (123s)
uta-s-92 seed 19 done  (124s)
ute-s-92 seed 10 done  (125s)
ute-s-92 seed 11 done  (125s)
ute-s-92 seed 12 done  (125s)
ute-s-92 seed 13 done  (125s)
ute-s-92 seed 14 done  (125s)
ute-s-92 seed 15 done  (125s)
ute-s-92 seed 16 done  (125s)
ute-s-92 seed 17 done  (126s)
ute-s-92 seed 18 done  (126s)
ute-s-92 seed 19 done  (126s)
yor-f-83 seed 10 done  (126s)
yor-f-83 seed 11 done  (127s)
yor-f-83 seed 12 done  (127s)
yor-f-83 seed 13 done  (127s)
yor-f-83 seed 14 done  (128s)
yor-f-83 seed 15 done  (128s)
yor-f-83 seed 16 done  (128s)
yor-f-83 seed 17 done  (129s)
yor-f-83 seed 18 done  (129s)
yor-f-83 seed 19 done  (130s)
total 133 s
